******************************************************************************
                  TI ARM Linker PC v5.0.1                      
******************************************************************************
>> Linked Wed Mar 27 09:19:59 2013

OUTPUT FILE NAME:   <OberlaenderOS.out>
ENTRY POINT SYMBOL: "_c_int00"  address: 820023e4


MEMORY CONFIGURATION

         name            origin    length      used     unused   attr    fill
----------------------  --------  ---------  --------  --------  ----  --------
  int_ram               40200000   0000ffff  00000000  0000ffff  RWIX
  ext_ddr               82000000   00010000  000024f4  0000db0c  RWIX


SEGMENT ALLOCATION MAP

run origin  load origin   length   init length attrs members
----------  ----------- ---------- ----------- ----- -------
82000000    82000000    00002000   00000000    rw-
  82000000    82000000    00002000   00000000    rw- .stack
82002000    82002000    000004bc   000004bc    r-x
  82002000    82002000    000004bc   000004bc    r-x .text
820024bc    820024bc    00000014   00000014    rw-
  820024bc    820024bc    00000014   00000014    rw- .data
820024d0    820024d0    00000024   00000024    r--
  820024d0    820024d0    00000024   00000024    r-- .cinit


SECTION ALLOCATION MAP

 output                                  attributes/
section   page    origin      length       input sections
--------  ----  ----------  ----------   ----------------
.stack     0    82000000    00002000     UNINITIALIZED
                  82000000    00002000     --HOLE--

.text      0    82002000    000004bc     
                  82002000    00000180     rtsv7A8_A_le_eabi.lib : memcpy32.obj (.text)
                  82002180    000000d4                           : auto_init.obj (.text)
                  82002254    00000098                           : copy_decompress_rle.obj (.text)
                  820022ec    00000080                           : cpy_tbl.obj (.text)
                  8200236c    00000078                           : exit.obj (.text)
                  820023e4    00000048                           : boot.obj (.text)
                  8200242c    00000024                           : _lock.obj (.text)
                  82002450    00000020                           : args_main.obj (.text)
                  82002470    00000020                           : icall32.obj (.text)
                  82002490    00000014                           : copy_decompress_none.obj (.text:decompress:none)
                  820024a4    0000000c     main.obj (.text)
                  820024b0    00000008     rtsv7A8_A_le_eabi.lib : copy_decompress_rle.obj (.text:decompress:rle24)
                  820024b8    00000004     main_manuel.obj (.text)

.data      0    820024bc    00000014     
                  820024bc    00000008     rtsv7A8_A_le_eabi.lib : _lock.obj (.data)
                  820024c4    00000008                           : exit.obj (.data)
                  820024cc    00000004                           : stkdepth_vars.obj (.data)

.cinit     0    820024d0    00000024     
                  820024d0    00000011     (.cinit..data.load) [load image, compression = rle]
                  820024e1    00000003     --HOLE-- [fill = 0]
                  820024e4    00000008     (__TI_handler_table)
                  820024ec    00000008     (__TI_cinit_table)


LINKER GENERATED COPY TABLES

__TI_cinit_table @ 820024ec records: 1, size/record: 8, table size: 8
	.data: load addr=820024d0, load size=00000011 bytes, run addr=820024bc, run size=00000014 bytes, compression=rle


LINKER GENERATED HANDLER TABLE

__TI_handler_table @ 820024e4 records: 2, size/record: 4, table size: 8
	index: 0, handler: __TI_decompress_rle24
	index: 1, handler: __TI_decompress_none


GLOBAL SYMBOLS: SORTED ALPHABETICALLY BY Name 

address    name
--------   ----
8200236c   C$$EXIT
82002470   IND_CALL
UNDEFED    SHT$$INIT_ARRAY$$Base
UNDEFED    SHT$$INIT_ARRAY$$Limit
82002000   __STACK_END
00002000   __STACK_SIZE
820024ec   __TI_CINIT_Base
820024f4   __TI_CINIT_Limit
820024e4   __TI_Handler_Table_Base
820024ec   __TI_Handler_Table_Limit
00000001   __TI_args_main
82002180   __TI_auto_init
82002490   __TI_decompress_none
820024b0   __TI_decompress_rle24
820024d0   __TI_static_base__
82002000   __aeabi_memcpy
82002000   __aeabi_memcpy4
82002000   __aeabi_memcpy8
ffffffff   __binit__
ffffffff   __c_args__
82000000   __stack
82002450   _args_main
820023e4   _c_int00
820024c4   _cleanup_ptr
820024c8   _dtors_ptr
820024bc   _lock
82002444   _nop
82002438   _register_lock
8200242c   _register_unlock
820024c0   _unlock
82002374   abort
ffffffff   binit
820022ec   copy_in
82002380   exit
820024a4   main
820024cc   main_func_sp
820024b8   main_manuel
82002000   memcpy


GLOBAL SYMBOLS: SORTED BY Symbol Address 

address    name
--------   ----
00000001   __TI_args_main
00002000   __STACK_SIZE
82000000   __stack
82002000   __STACK_END
82002000   __aeabi_memcpy
82002000   __aeabi_memcpy4
82002000   __aeabi_memcpy8
82002000   memcpy
82002180   __TI_auto_init
820022ec   copy_in
8200236c   C$$EXIT
82002374   abort
82002380   exit
820023e4   _c_int00
8200242c   _register_unlock
82002438   _register_lock
82002444   _nop
82002450   _args_main
82002470   IND_CALL
82002490   __TI_decompress_none
820024a4   main
820024b0   __TI_decompress_rle24
820024b8   main_manuel
820024bc   _lock
820024c0   _unlock
820024c4   _cleanup_ptr
820024c8   _dtors_ptr
820024cc   main_func_sp
820024d0   __TI_static_base__
820024e4   __TI_Handler_Table_Base
820024ec   __TI_CINIT_Base
820024ec   __TI_Handler_Table_Limit
820024f4   __TI_CINIT_Limit
ffffffff   __binit__
ffffffff   __c_args__
ffffffff   binit
UNDEFED    SHT$$INIT_ARRAY$$Base
UNDEFED    SHT$$INIT_ARRAY$$Limit

[38 symbols]
